[vagrant@ns01 ~]$ sudo -i 
[root@ns01 ~]# cat /var/log/audit/audit.log | audit2why
type=AVC msg=audit(1733845224.107:701): avc:  denied  { dac_read_search } for  pid=3421 comm="20-chrony-dhcp" capability=2  scontext=system_u:system_r:NetworkManager_dispatcher_chronyc_t:s0 tcontext=system_u:system_r:NetworkManager_dispatcher_chronyc_t:s0 tclass=capability permissive=0

	Was caused by:
		Missing type enforcement (TE) allow rule.

		You can use audit2allow to generate a loadable module to allow this access.

type=AVC msg=audit(1733845224.107:701): avc:  denied  { dac_override } for  pid=3421 comm="20-chrony-dhcp" capability=1  scontext=system_u:system_r:NetworkManager_dispatcher_chronyc_t:s0 tcontext=system_u:system_r:NetworkManager_dispatcher_chronyc_t:s0 tclass=capability permissive=0

	Was caused by:
		Missing type enforcement (TE) allow rule.

		You can use audit2allow to generate a loadable module to allow this access.

type=AVC msg=audit(1733845226.204:717): avc:  denied  { dac_read_search } for  pid=3483 comm="20-chrony-dhcp" capability=2  scontext=system_u:system_r:NetworkManager_dispatcher_chronyc_t:s0 tcontext=system_u:system_r:NetworkManager_dispatcher_chronyc_t:s0 tclass=capability permissive=0

	Was caused by:
		Missing type enforcement (TE) allow rule.

		You can use audit2allow to generate a loadable module to allow this access.

type=AVC msg=audit(1733845226.204:717): avc:  denied  { dac_override } for  pid=3483 comm="20-chrony-dhcp" capability=1  scontext=system_u:system_r:NetworkManager_dispatcher_chronyc_t:s0 tcontext=system_u:system_r:NetworkManager_dispatcher_chronyc_t:s0 tclass=capability permissive=0

	Was caused by:
		Missing type enforcement (TE) allow rule.

		You can use audit2allow to generate a loadable module to allow this access.

type=AVC msg=audit(1733847434.721:1776): avc:  denied  { write } for  pid=7403 comm="isc-net-0000" name="dynamic" dev="sda4" ino=34075650 scontext=system_u:system_r:named_t:s0 tcontext=unconfined_u:object_r:named_conf_t:s0 tclass=dir permissive=0

	Was caused by:
		Missing type enforcement (TE) allow rule.

		You can use audit2allow to generate a loadable module to allow this access.

[root@ns01 ~]# ls -laZ /etc/named
total 28
drw-rwx---.  3 root named system_u:object_r:named_conf_t:s0      121 Dec 10 15:42 .
drwxr-xr-x. 85 root root  system_u:object_r:etc_t:s0            8192 Dec 10 15:43 ..
drw-rwx---.  2 root named unconfined_u:object_r:named_conf_t:s0   56 Dec 10 15:42 dynamic
-rw-rw----.  1 root named system_u:object_r:named_conf_t:s0      784 Dec 10 15:42 named.56.168.192.rev
-rw-rw----.  1 root named system_u:object_r:named_conf_t:s0      610 Dec 10 15:42 named.dns.lab
-rw-rw----.  1 root named system_u:object_r:named_conf_t:s0      609 Dec 10 15:42 named.dns.lab.view1
-rw-rw----.  1 root named system_u:object_r:named_conf_t:s0      657 Dec 10 15:42 named.newdns.lab
[root@ns01 ~]# sudo semanage fcontext -l | grep named
/dev/gpmdata                                       named pipe         system_u:object_r:gpmctl_t:s0 
/dev/initctl                                       named pipe         system_u:object_r:initctl_t:s0 
/dev/xconsole                                      named pipe         system_u:object_r:xconsole_device_t:s0 
/dev/xen/tapctrl.*                                 named pipe         system_u:object_r:xenctl_t:s0 
/etc/named(/.*)?                                   all files          system_u:object_r:named_conf_t:s0 
/etc/named\.caching-nameserver\.conf               regular file       system_u:object_r:named_conf_t:s0 
/etc/named\.conf                                   regular file       system_u:object_r:named_conf_t:s0 
/etc/named\.rfc1912.zones                          regular file       system_u:object_r:named_conf_t:s0 
/etc/named\.root\.hints                            regular file       system_u:object_r:named_conf_t:s0 
/etc/rc\.d/init\.d/named                           regular file       system_u:object_r:named_initrc_exec_t:s0 
/etc/rc\.d/init\.d/named-sdb                       regular file       system_u:object_r:named_initrc_exec_t:s0 
/etc/rc\.d/init\.d/unbound                         regular file       system_u:object_r:named_initrc_exec_t:s0 
/etc/rndc.*                                        regular file       system_u:object_r:named_conf_t:s0 
/etc/unbound(/.*)?                                 all files          system_u:object_r:named_conf_t:s0 
/usr/lib/systemd/system/named-sdb.*                regular file       system_u:object_r:named_unit_file_t:s0 
/usr/lib/systemd/system/named.*                    regular file       system_u:object_r:named_unit_file_t:s0 
/usr/lib/systemd/system/unbound.*                  regular file       system_u:object_r:named_unit_file_t:s0 
/usr/lib/systemd/systemd-hostnamed                 regular file       system_u:object_r:systemd_hostnamed_exec_t:s0 
/usr/sbin/lwresd                                   regular file       system_u:object_r:named_exec_t:s0 
/usr/sbin/named                                    regular file       system_u:object_r:named_exec_t:s0 
/usr/sbin/named-checkconf                          regular file       system_u:object_r:named_checkconf_exec_t:s0 
/usr/sbin/named-pkcs11                             regular file       system_u:object_r:named_exec_t:s0 
/usr/sbin/named-sdb                                regular file       system_u:object_r:named_exec_t:s0 
/usr/sbin/unbound                                  regular file       system_u:object_r:named_exec_t:s0 
/usr/sbin/unbound-anchor                           regular file       system_u:object_r:named_exec_t:s0 
/usr/sbin/unbound-checkconf                        regular file       system_u:object_r:named_exec_t:s0 
/usr/sbin/unbound-control                          regular file       system_u:object_r:named_exec_t:s0 
/usr/share/munin/plugins/named                     regular file       system_u:object_r:services_munin_plugin_exec_t:s0 
/var/lib/softhsm(/.*)?                             all files          system_u:object_r:named_cache_t:s0 
/var/lib/unbound(/.*)?                             all files          system_u:object_r:named_cache_t:s0 
/var/log/named.*                                   regular file       system_u:object_r:named_log_t:s0 
/var/named(/.*)?                                   all files          system_u:object_r:named_zone_t:s0 
/var/named/chroot(/.*)?                            all files          system_u:object_r:named_conf_t:s0 
/var/named/chroot/dev                              directory          system_u:object_r:device_t:s0 
/var/named/chroot/dev/log                          socket             system_u:object_r:devlog_t:s0 
/var/named/chroot/dev/null                         character device   system_u:object_r:null_device_t:s0 
/var/named/chroot/dev/random                       character device   system_u:object_r:random_device_t:s0 
/var/named/chroot/dev/urandom                      character device   system_u:object_r:urandom_device_t:s0 
/var/named/chroot/dev/zero                         character device   system_u:object_r:zero_device_t:s0 
/var/named/chroot/etc(/.*)?                        all files          system_u:object_r:etc_t:s0 
/var/named/chroot/etc/localtime                    regular file       system_u:object_r:locale_t:s0 
/var/named/chroot/etc/named\.caching-nameserver\.conf regular file       system_u:object_r:named_conf_t:s0 
/var/named/chroot/etc/named\.conf                  regular file       system_u:object_r:named_conf_t:s0 
/var/named/chroot/etc/named\.rfc1912.zones         regular file       system_u:object_r:named_conf_t:s0 
/var/named/chroot/etc/named\.root\.hints           regular file       system_u:object_r:named_conf_t:s0 
/var/named/chroot/etc/pki(/.*)?                    all files          system_u:object_r:cert_t:s0 
/var/named/chroot/etc/rndc\.key                    regular file       system_u:object_r:dnssec_t:s0 
/var/named/chroot/lib(/.*)?                        all files          system_u:object_r:lib_t:s0 
/var/named/chroot/proc(/.*)?                       all files          <<None>>
/var/named/chroot/run/named.*                      all files          system_u:object_r:named_var_run_t:s0 
/var/named/chroot/usr/lib(/.*)?                    all files          system_u:object_r:lib_t:s0 
/var/named/chroot/var/log                          directory          system_u:object_r:var_log_t:s0 
/var/named/chroot/var/log/named.*                  regular file       system_u:object_r:named_log_t:s0 
/var/named/chroot/var/named(/.*)?                  all files          system_u:object_r:named_zone_t:s0 
/var/named/chroot/var/named/data(/.*)?             all files          system_u:object_r:named_cache_t:s0 
/var/named/chroot/var/named/dynamic(/.*)?          all files          system_u:object_r:named_cache_t:s0 
/var/named/chroot/var/named/named\.ca              regular file       system_u:object_r:named_conf_t:s0 
/var/named/chroot/var/named/slaves(/.*)?           all files          system_u:object_r:named_cache_t:s0 
/var/named/chroot/var/run/dbus(/.*)?               all files          system_u:object_r:system_dbusd_var_run_t:s0 
/var/named/chroot/var/run/named.*                  all files          system_u:object_r:named_var_run_t:s0 
/var/named/chroot/var/tmp(/.*)?                    all files          system_u:object_r:named_cache_t:s0 
/var/named/chroot_sdb/dev                          directory          system_u:object_r:device_t:s0 
/var/named/chroot_sdb/dev/null                     character device   system_u:object_r:null_device_t:s0 
/var/named/chroot_sdb/dev/random                   character device   system_u:object_r:random_device_t:s0 
/var/named/chroot_sdb/dev/urandom                  character device   system_u:object_r:urandom_device_t:s0 
/var/named/chroot_sdb/dev/zero                     character device   system_u:object_r:zero_device_t:s0 
/var/named/data(/.*)?                              all files          system_u:object_r:named_cache_t:s0 
/var/named/dynamic(/.*)?                           all files          system_u:object_r:named_cache_t:s0 
/var/named/named\.ca                               regular file       system_u:object_r:named_conf_t:s0 
/var/named/slaves(/.*)?                            all files          system_u:object_r:named_cache_t:s0 
/var/run/bind(/.*)?                                all files          system_u:object_r:named_var_run_t:s0 
/var/run/ecblp0                                    named pipe         system_u:object_r:cupsd_var_run_t:s0 
/var/run/initctl                                   named pipe         system_u:object_r:initctl_t:s0 
/var/run/named(/.*)?                               all files          system_u:object_r:named_var_run_t:s0 
/var/run/ndc                                       socket             system_u:object_r:named_var_run_t:s0 
/var/run/systemd/initctl/fifo                      named pipe         system_u:object_r:initctl_t:s0 
/var/run/unbound(/.*)?                             all files          system_u:object_r:named_var_run_t:s0 
/var/named/chroot/usr/lib64 = /usr/lib
/var/named/chroot/lib64 = /usr/lib
/var/named/chroot/var = /var
[root@ns01 ~]# sudo chcon -R -t named_zone_t /etc/named
[root@ns01 ~]# ls -laZ /etc/named
total 28
drw-rwx---.  3 root named system_u:object_r:named_zone_t:s0      121 Dec 10 15:42 .
drwxr-xr-x. 85 root root  system_u:object_r:etc_t:s0            8192 Dec 10 15:43 ..
drw-rwx---.  2 root named unconfined_u:object_r:named_zone_t:s0   56 Dec 10 15:42 dynamic
-rw-rw----.  1 root named system_u:object_r:named_zone_t:s0      784 Dec 10 15:42 named.56.168.192.rev
-rw-rw----.  1 root named system_u:object_r:named_zone_t:s0      610 Dec 10 15:42 named.dns.lab
-rw-rw----.  1 root named system_u:object_r:named_zone_t:s0      609 Dec 10 15:42 named.dns.lab.view1
-rw-rw----.  1 root named system_u:object_r:named_zone_t:s0      657 Dec 10 15:42 named.newdns.lab
[root@ns01 ~]# 
